// Vitest Snapshot v1

exports[`sourcifyInput > should render correctly 1`] = `
"<div class=\\"el-input el-input--large sourcify-input\\">
  <!----><input type=\\"text\\" autocomplete=\\"off\\" class=\\"el-input__inner\\">
  <!---->
  <!---->
  <!---->
  <!---->
</div>"
`;
