// Vitest Snapshot v1

exports[`components > sourcifyButton > overrides > should render as \`secondary\` when \`text\` is given as type 1`] = `"<button aria-live=\\"polite\\" class=\\"button button secondary medium icon\\" icon=\\"plus-circle\\"><span class=\\"icon\\"><sourcify-icon-stub icon=\\"plus-circle\\" size=\\"medium\\"></sourcify-icon-stub></span><span>Button</span></button>"`;

exports[`components > sourcifyButton > overrides > should render as \`tertiary\` when \`info\` is given as type 1`] = `"<button aria-live=\\"polite\\" class=\\"button button tertiary medium icon\\" icon=\\"plus-circle\\"><span class=\\"icon\\"><sourcify-icon-stub icon=\\"plus-circle\\" size=\\"medium\\"></sourcify-icon-stub></span><span>Button</span></button>"`;

exports[`components > sourcifyButton > overrides > should use default (\`primary\`) type when no type is given 1`] = `"<button aria-live=\\"polite\\" class=\\"button button primary medium icon\\" icon=\\"plus-circle\\"><span class=\\"icon\\"><sourcify-icon-stub icon=\\"plus-circle\\" size=\\"medium\\"></sourcify-icon-stub></span><span>Button</span></button>"`;

exports[`components > sourcifyButton > overrides > should use given (\`secondary\`) type 1`] = `"<button aria-live=\\"polite\\" class=\\"button button secondary medium icon\\" icon=\\"plus-circle\\"><span class=\\"icon\\"><sourcify-icon-stub icon=\\"plus-circle\\" size=\\"medium\\"></sourcify-icon-stub></span><span>Button</span></button>"`;

exports[`components > sourcifyButton > props > icon > should render icon button 1`] = `"<button aria-live=\\"polite\\" class=\\"button button primary medium icon\\"><span class=\\"icon\\"><sourcify-icon-stub icon=\\"plus-circle\\" size=\\"medium\\"></sourcify-icon-stub></span><span>Button</span></button>"`;

exports[`components > sourcifyButton > props > loading > should render loading spinner 1`] = `"<button disabled=\\"disabled\\" aria-busy=\\"true\\" aria-live=\\"polite\\" class=\\"button button primary medium loading icon\\"><span class=\\"icon\\"><sourcify-spinner-stub size=\\"medium\\" type=\\"dots\\"></sourcify-spinner-stub></span><span>Button</span></button>"`;

exports[`components > sourcifyButton > props > square > should render square button 1`] = `
"<button aria-live=\\"polite\\" class=\\"button button primary medium square\\">
  <!----><span>48</span></button>"
`;

exports[`components > sourcifyButton > should render correctly 1`] = `
"<button aria-live=\\"polite\\" class=\\"button button primary medium\\">
  <!----><span>Button</span></button>"
`;
